00:00 +0: loading C:/Dev/erp_commercial/integration_test/app_test.dart
Building Windows application...                                    21,3s
√ Built build\windows\x64\runner\Debug\erp_commercial.exe
00:00 +0: Smoke Test - Lancement de l'application L'application démarre et affiche la page initiale
supabase.supabase_flutter: INFO: ***** Supabase init completed ***** 
GoRouter: INFO: Full paths for routes:
  => /
  => /login
  => /app/home
  => /app/planning
  => /app/devis
  => /app/factures
  => /app/clients
  => /app/depenses
  => /app/courses
  => /app/parametres
  => /app/config_urssaf
  => /app/profil
  => /app/bibliotheque
  => /app/archives
  => /app/search
  => /app/ajout_devis
  => /app/ajout_devis/:id
  => /app/ajout_facture
  => /app/ajout_facture/:id
  => /app/ajout_client
  => /app/ajout_client/:id
  => /app/ajout_depense
  => /app/ajout_depense/:id
 
GoRouter: INFO: setting initial location / 
GoRouter: INFO: Using MaterialApp configuration 
00:01 +1: Smoke Test - Lancement de l'application Scénario de connexion réussie et navigation vers le Dashboard
00:01 +1: Smoke Test - Lancement de l'application L'application démarre et affiche la page initiale
supabase.supabase_flutter: INFO: Supabase is already initialized. Skipping reinitialization. 
GoRouter: INFO: Full paths for routes:
  => /
  => /login
  => /app/home
  => /app/planning
  => /app/devis
  => /app/factures
  => /app/clients
  => /app/depenses
  => /app/courses
  => /app/parametres
  => /app/config_urssaf
  => /app/profil
  => /app/bibliotheque
  => /app/archives
  => /app/search
  => /app/ajout_devis
  => /app/ajout_devis/:id
  => /app/ajout_facture
  => /app/ajout_facture/:id
  => /app/ajout_client
  => /app/ajout_client/:id
  => /app/ajout_depense
  => /app/ajout_depense/:id
 
GoRouter: INFO: setting initial location / 
GoRouter: INFO: Using MaterialApp configuration 
GoRouter: INFO: going to /login 
00:02 +1: Smoke Test - Lancement de l'application Scénario de connexion réussie et navigation vers le Dashboard
══╡ EXCEPTION CAUGHT BY FLUTTER TEST FRAMEWORK ╞════════════════════════════════════════════════════
The following StateError was thrown running a test:
Bad state: Too many elements

When the exception was thrown, this was the stack:
#0      Iterable.single (dart:core/iterable.dart:696:24)
#1      WidgetController.widget (package:flutter_test/src/controller.dart:808:30)
#2      WidgetController.scrollUntilVisible.<anonymous closure> (package:flutter_test/src/controller.dart:2345:15)
#5      TestAsyncUtils.guard (package:flutter_test/src/test_async_utils.dart:74:41)
#6      WidgetController.scrollUntilVisible (package:flutter_test/src/controller.dart:2343:27)
#7      main.<anonymous closure>.<anonymous closure> (file:///C:/Dev/erp_commercial/integration_test/app_test.dart:47:20)
<asynchronous suspension>
#8      testWidgets.<anonymous closure>.<anonymous closure> (package:flutter_test/src/widget_tester.dart:192:15)
<asynchronous suspension>
#9      TestWidgetsFlutterBinding._runTestBody (package:flutter_test/src/binding.dart:1059:5)
<asynchronous suspension>
<asynchronous suspension>
(elided 3 frames from dart:async and package:stack_trace)

The test description was:
  Scénario de connexion réussie et navigation vers le Dashboard
════════════════════════════════════════════════════════════════════════════════════════════════════
00:02 +1 -1: Smoke Test - Lancement de l'application Scénario de connexion réussie et navigation vers le Dashboard [E]
  Test failed. See exception logs above.
  The test description was: Scénario de connexion réussie et navigation vers le Dashboard
  
00:02 +1 -1: Smoke Test - Lancement de l'application Parcours Critique & Stress Test
00:02 +1 -1: Smoke Test - Lancement de l'application L'application démarre et affiche la page initiale
supabase.supabase_flutter: INFO: Supabase is already initialized. Skipping reinitialization. 
GoRouter: INFO: Full paths for routes:
  => /
  => /login
  => /app/home
  => /app/planning
  => /app/devis
  => /app/factures
  => /app/clients
  => /app/depenses
  => /app/courses
  => /app/parametres
  => /app/config_urssaf
  => /app/profil
  => /app/bibliotheque
  => /app/archives
  => /app/search
  => /app/ajout_devis
  => /app/ajout_devis/:id
  => /app/ajout_facture
  => /app/ajout_facture/:id
  => /app/ajout_client
  => /app/ajout_client/:id
  => /app/ajout_depense
  => /app/ajout_depense/:id
 
GoRouter: INFO: setting initial location / 
GoRouter: INFO: Using MaterialApp configuration 
GoRouter: INFO: going to /login 
00:02 +1 -1: Smoke Test - Lancement de l'application Parcours Critique & Stress Test
══╡ EXCEPTION CAUGHT BY FLUTTER TEST FRAMEWORK ╞════════════════════════════════════════════════════
The following StateError was thrown running a test:
Bad state: Too many elements

When the exception was thrown, this was the stack:
#0      Iterable.single (dart:core/iterable.dart:696:24)
#1      WidgetController.widget (package:flutter_test/src/controller.dart:808:30)
#2      WidgetController.scrollUntilVisible.<anonymous closure> (package:flutter_test/src/controller.dart:2345:15)
#5      TestAsyncUtils.guard (package:flutter_test/src/test_async_utils.dart:74:41)
#6      WidgetController.scrollUntilVisible (package:flutter_test/src/controller.dart:2343:27)
#7      main.<anonymous closure>.<anonymous closure> (file:///C:/Dev/erp_commercial/integration_test/app_test.dart:83:22)
<asynchronous suspension>
#8      testWidgets.<anonymous closure>.<anonymous closure> (package:flutter_test/src/widget_tester.dart:192:15)
<asynchronous suspension>
#9      TestWidgetsFlutterBinding._runTestBody (package:flutter_test/src/binding.dart:1059:5)
<asynchronous suspension>
<asynchronous suspension>
(elided 3 frames from dart:async and package:stack_trace)

The test description was:
  Parcours Critique & Stress Test
════════════════════════════════════════════════════════════════════════════════════════════════════
00:02 +1 -2: Smoke Test - Lancement de l'application Parcours Critique & Stress Test [E]
  Test failed. See exception logs above.
  The test description was: Parcours Critique & Stress Test
  
00:02 +1 -2: (tearDownAll)
00:02 +1 -2: Some tests failed.
